Message: Hello World!
Message: Hello World!
Message: Hello World!
Message: Hello World!
Message: Hello World!
Message: Hello World!
Message: Hello World!
Message: Hello World!
Message: Hello World!
Message: Hello World!
